<html>
<body>
<pre>
<h1>µVision Build Log</h1>
<h2>Tool Versions:</h2>
IDE-Version: µVision V5.17.0.0
Copyright (C) 2015 ARM Ltd and ARM Germany GmbH. All rights reserved.
License Information: kiran nayak, self, LIC=----
 
Tool Versions:
Toolchain:       MDK-Lite  Version: 5.17
Toolchain Path:  C:\Keil_v5\ARM\ARMCC\Bin
C Compiler:      Armcc.exe V5.06 update 1 (build 61)
Assembler:       Armasm.exe V5.06 update 1 (build 61)
Linker/Locator:  ArmLink.exe V5.06 update 1 (build 61)
Library Manager: ArmAr.exe V5.06 update 1 (build 61)
Hex Converter:   FromElf.exe V5.06 update 1 (build 61)
CPU DLL:         SARMCM3.DLL V5.17
Dialog DLL:      DCM.DLL V1.13.4.0
Target DLL:      STLink\ST-LINKIII-KEIL_SWO.dll V2.0.18.0
Dialog DLL:      TCM.DLL V1.14.6.0
 
<h2>Project:</h2>
C:\Users\kiran\Desktop\Resources\Source_code\UART\uart_main.uvprojx
Project File Date:  07/20/2016

<h2>Output:</h2>
*** Using Compiler 'V5.06 update 1 (build 61)', folder: 'C:\Keil_v5\ARM\ARMCC\Bin'
Build target 'Target 1'
compiling uart_main.c...
userApp\uart_main.h(33): warning:  #1-D: last line of file ends without a newline
  #endif 
.\drivers\hal_gpio_driver.h(158): warning:  #1-D: last line of file ends without a newline
  #endif 
.\drivers\hal_uart_driver.h(226): warning:  #1-D: last line of file ends without a newline
  #endif 
..\UART_LIB\uart_debug.h(24): warning:  #1-D: last line of file ends without a newline
  #endif
userApp\uart_main.c: 7 warnings, 0 errors
st line of file ends without a newline
  #endif 
userApp\uart_main.c(184): warning:  #111-D: statement is unreachable
  	return 0;
userApp\uart_main.c(143): warning:  #177-D: variable "val" was declared but never referenced
  	uint32_t val;
compiling led.c...
.\drivers\hal_gpio_driver.h(158): warning:  #1-D: last line of file ends without a newline
  #endif 
..\led\led.h(49): warning:  #1-D: last line of file ends without a newline
  #endif 
..\led\led.c: 2 warnings, 0 errors
compiling uart_debug.c...
..\UART_LIB\uart_debug.h(24): warning:  #1-D: last line of file ends without a newline
  #endif
.\drivers\hal_gpio_driver.h(158): warning:  #1-D: last line of file ends without a newline
  #endif 
.\drivers\hal_uart_driver.h(226): warning:  #1-D: last line of file ends without a newline
  #endif 
..\UART_LIB\uart_debug.c: 3 warnings, 0 errors
compiling hal_uart_driver.c...
drivers\hal_uart_driver.h(226): warning:  #1-D: last line of file ends without a newline
  #endif 
drivers\hal_gpio_driver.h(158): warning:  #1-D: last line of file ends without a newline
  #endif 
..\led\led.h(49): warning:  #1-D: last line of file ends without a newline
  #endif 
drivers\hal_uart_driver.c(331): warning:  #550-D: variable "tmpreg" was set but never used
  	uint32_t tmpreg = 0x00;                
drivers\hal_uart_driver.c(415): warning:  #550-D: variable "val" was set but never used
  	uint32_t val;
drivers\hal_uart_driver.c: 5 warnings, 0 errors
compiling system_stm32f4xx.c...
compiling hal_gpio_driver.c...
drivers\hal_gpio_driver.h(158): warning:  #1-D: last line of file ends without a newline
  #endif 
drivers\hal_gpio_driver.c: 1 warning, 0 errors
linking...
Program Size: Code=2284 RO-data=424 RW-data=104 ZI-data=1752  
".\Objects\uartdebug.axf" - 0 Error(s), 17 Warning(s).

<h2>Software Packages used:</h2>

Package Vendor: ARM
                http://www.keil.com/pack/ARM.CMSIS.4.5.0.pack
                ARM::CMSIS:CORE:4.3.0
                CMSIS (Cortex Microcontroller Software Interface Standard)
   * Component: CORE Version: 4.3.0

Package Vendor: Keil
                http://www.keil.com/pack/Keil.STM32F4xx_DFP.2.7.0.pack
                Keil::Device:Startup:2.4.2
                STMicroelectronics STM32F4 Series Device Support, Drivers and Examples
   * Component: Startup Version: 2.4.2

<h2>Collection of Component include folders:</h2>
  C:\Users\kiran\Desktop\Resources\Source_code\UART\RTE
  C:\Keil_v5\ARM\PACK\ARM\CMSIS\4.5.0\CMSIS\Include
  C:\Keil_v5\ARM\PACK\Keil\STM32F4xx_DFP\2.7.0\Drivers\CMSIS\Device\ST\STM32F4xx\Include

<h2>Collection of Component Files used:</h2>

   * Component: ARM::CMSIS:CORE:4.3.0

   * Component: Keil::Device:Startup:2.4.2
      Source file:   MDK\Device\Source\ARM\STM32F40xxx_41xxx_OPT.s
      Source file:   MDK\Device\Source\ARM\STM32F4xx_OTP.s
      Include file:  Drivers\CMSIS\Device\ST\STM32F4xx\Include\stm32f4xx.h
      Source file:   Drivers\CMSIS\Device\ST\STM32F4xx\Source\Templates\arm\startup_stm32f407xx.s
      Source file:   Drivers\CMSIS\Device\ST\STM32F4xx\Source\Templates\system_stm32f4xx.c
Build Time Elapsed:  00:00:10
</pre>
</body>
</html>
