Component: ARM Compiler 5.06 update 1 (build 61) Tool: armlink [4d35a8]

==============================================================================

Section Cross References

    led.o(i.led_init) refers to hal_gpio_driver.o(i.hal_gpio_init) for hal_gpio_init
    led.o(i.led_toggle) refers to hal_gpio_driver.o(i.hal_gpio_read_from_pin) for hal_gpio_read_from_pin
    led.o(i.led_toggle) refers to hal_gpio_driver.o(i.hal_gpio_write_to_pin) for hal_gpio_write_to_pin
    led.o(i.led_turn_off) refers to hal_gpio_driver.o(i.hal_gpio_write_to_pin) for hal_gpio_write_to_pin
    led.o(i.led_turn_on) refers to hal_gpio_driver.o(i.hal_gpio_write_to_pin) for hal_gpio_write_to_pin
    hal_gpio_driver.o(i.EXTI0_IRQHandler) refers to hal_gpio_driver.o(.data) for callback_ptr
    hal_gpio_driver.o(i.hal_gpio_configure_interrupt) refers to hal_gpio_driver.o(.data) for callback_ptr
    hal_gpio_driver.o(i.hal_gpio_init) refers to hal_gpio_driver.o(i.hal_gpio_configure_pin_mode) for hal_gpio_configure_pin_mode
    hal_gpio_driver.o(i.hal_gpio_init) refers to hal_gpio_driver.o(i.hal_gpio_configure_pin_speed) for hal_gpio_configure_pin_speed
    hal_gpio_driver.o(i.hal_gpio_init) refers to hal_gpio_driver.o(i.hal_gpio_configure_pin_otype) for hal_gpio_configure_pin_otype
    hal_gpio_driver.o(i.hal_gpio_init) refers to hal_gpio_driver.o(i.hal_gpio_configure_pin_pupd) for hal_gpio_configure_pin_pupd
    hal_uart_driver.o(i.HAL_UART_ErrorCallback) refers to led.o(i.led_turn_on) for led_turn_on
    hal_uart_driver.o(i.HAL_UART_IRQHandler) refers to hal_uart_driver.o(i.hal_uart_clear_error_flag) for hal_uart_clear_error_flag
    hal_uart_driver.o(i.HAL_UART_IRQHandler) refers to hal_uart_driver.o(i.UART_Receive_IT) for UART_Receive_IT
    hal_uart_driver.o(i.HAL_UART_IRQHandler) refers to hal_uart_driver.o(i.UART_Transmit_IT) for UART_Transmit_IT
    hal_uart_driver.o(i.HAL_UART_IRQHandler) refers to hal_uart_driver.o(i.UART_EndTransmit_IT) for UART_EndTransmit_IT
    hal_uart_driver.o(i.HAL_UART_IRQHandler) refers to hal_uart_driver.o(i.HAL_UART_ErrorCallback) for HAL_UART_ErrorCallback
    hal_uart_driver.o(i.HAL_UART_IRQHandler) refers to hal_uart_driver.o(.bss) for uart_handle
    hal_uart_driver.o(i.UART_EndTransmit_IT) refers to hal_uart_driver.o(.bss) for uart_handle
    hal_uart_driver.o(i.UART_Receive_IT) refers to hal_uart_driver.o(.bss) for uart_handle
    hal_uart_driver.o(i.hal_uart_debug_trace) refers to hal_uart_driver.o(i.hal_uart_configure_txe_interrupt) for hal_uart_configure_txe_interrupt
    hal_uart_driver.o(i.hal_uart_debug_trace) refers to hal_uart_driver.o(.bss) for uart_handle
    hal_uart_driver.o(i.hal_uart_get_driver_state) refers to hal_uart_driver.o(.bss) for uart_handle
    hal_uart_driver.o(i.hal_uart_init) refers to rt_memcpy_w.o(.text) for __aeabi_memcpy4
    hal_uart_driver.o(i.hal_uart_init) refers to hal_uart_driver.o(i.hal_uart_enable_disable_tx) for hal_uart_enable_disable_tx
    hal_uart_driver.o(i.hal_uart_init) refers to hal_uart_driver.o(i.hal_uart_enable_disable_rx) for hal_uart_enable_disable_rx
    hal_uart_driver.o(i.hal_uart_init) refers to hal_uart_driver.o(i.hal_uart_configure_over_sampling) for hal_uart_configure_over_sampling
    hal_uart_driver.o(i.hal_uart_init) refers to hal_uart_driver.o(i.hal_uart_set_baud_rate) for hal_uart_set_baud_rate
    hal_uart_driver.o(i.hal_uart_init) refers to hal_uart_driver.o(.bss) for uart_handle
    hal_uart_driver.o(i.hal_uart_rx) refers to hal_uart_driver.o(i.hal_uart_configure_parity_error_interrupt) for hal_uart_configure_parity_error_interrupt
    hal_uart_driver.o(i.hal_uart_rx) refers to hal_uart_driver.o(i.hal_uart_configure_error_interrupt) for hal_uart_configure_error_interrupt
    hal_uart_driver.o(i.hal_uart_rx) refers to hal_uart_driver.o(i.hal_uart_configure_rxne_interrupt) for hal_uart_configure_rxne_interrupt
    hal_uart_driver.o(i.hal_uart_rx) refers to hal_uart_driver.o(.bss) for uart_handle
    hal_uart_driver.o(i.hal_uart_tx) refers to hal_uart_driver.o(i.hal_uart_configure_txe_interrupt) for hal_uart_configure_txe_interrupt
    hal_uart_driver.o(i.hal_uart_tx) refers to hal_uart_driver.o(.bss) for uart_handle
    startup_stm32f407xx.o(STACK) refers (Special) to heapauxi.o(.text) for __use_two_region_memory
    startup_stm32f407xx.o(HEAP) refers (Special) to heapauxi.o(.text) for __use_two_region_memory
    startup_stm32f407xx.o(RESET) refers (Special) to heapauxi.o(.text) for __use_two_region_memory
    startup_stm32f407xx.o(RESET) refers to startup_stm32f407xx.o(STACK) for __initial_sp
    startup_stm32f407xx.o(RESET) refers to startup_stm32f407xx.o(.text) for Reset_Handler
    startup_stm32f407xx.o(RESET) refers to hal_gpio_driver.o(i.EXTI0_IRQHandler) for EXTI0_IRQHandler
    startup_stm32f407xx.o(.text) refers (Special) to heapauxi.o(.text) for __use_two_region_memory
    startup_stm32f407xx.o(.text) refers to system_stm32f4xx.o(i.SystemInit) for SystemInit
    startup_stm32f407xx.o(.text) refers to __main.o(!!!main) for __main
    startup_stm32f407xx.o(.text) refers to startup_stm32f407xx.o(HEAP) for Heap_Mem
    startup_stm32f407xx.o(.text) refers to startup_stm32f407xx.o(STACK) for Stack_Mem
    system_stm32f4xx.o(i.SystemCoreClockUpdate) refers to system_stm32f4xx.o(.data) for SystemCoreClock
    system_stm32f4xx.o(i.SystemCoreClockUpdate) refers to system_stm32f4xx.o(.constdata) for AHBPrescTable
    __main.o(!!!main) refers to __rtentry.o(.ARM.Collect$$rtentry$$00000000) for __rt_entry
    __rtentry.o(.ARM.Collect$$rtentry$$00000000) refers (Special) to __rtentry2.o(.ARM.Collect$$rtentry$$0000000A) for __rt_entry_li
    __rtentry.o(.ARM.Collect$$rtentry$$00000000) refers (Special) to __rtentry2.o(.ARM.Collect$$rtentry$$0000000D) for __rt_entry_main
    __rtentry.o(.ARM.Collect$$rtentry$$00000000) refers (Special) to __rtentry2.o(.ARM.Collect$$rtentry$$0000000C) for __rt_entry_postli_1
    __rtentry.o(.ARM.Collect$$rtentry$$00000000) refers (Special) to __rtentry2.o(.ARM.Collect$$rtentry$$00000009) for __rt_entry_postsh_1
    __rtentry.o(.ARM.Collect$$rtentry$$00000000) refers (Special) to __rtentry2.o(.ARM.Collect$$rtentry$$00000002) for __rt_entry_presh_1
    __rtentry.o(.ARM.Collect$$rtentry$$00000000) refers (Special) to __rtentry4.o(.ARM.Collect$$rtentry$$00000004) for __rt_entry_sh
    __rtentry2.o(.ARM.Collect$$rtentry$$00000008) refers to boardinit2.o(.text) for _platform_post_stackheap_init
    __rtentry2.o(.ARM.Collect$$rtentry$$0000000A) refers to libinit.o(.ARM.Collect$$libinit$$00000000) for __rt_lib_init
    __rtentry2.o(.ARM.Collect$$rtentry$$0000000B) refers to boardinit3.o(.text) for _platform_post_lib_init
    __rtentry2.o(.ARM.Collect$$rtentry$$0000000D) refers to exit.o(.text) for exit
    __rtentry2.o(.ARM.exidx) refers to __rtentry2.o(.ARM.Collect$$rtentry$$00000001) for .ARM.Collect$$rtentry$$00000001
    __rtentry2.o(.ARM.exidx) refers to __rtentry2.o(.ARM.Collect$$rtentry$$00000008) for .ARM.Collect$$rtentry$$00000008
    __rtentry2.o(.ARM.exidx) refers to __rtentry2.o(.ARM.Collect$$rtentry$$0000000A) for .ARM.Collect$$rtentry$$0000000A
    __rtentry2.o(.ARM.exidx) refers to __rtentry2.o(.ARM.Collect$$rtentry$$0000000B) for .ARM.Collect$$rtentry$$0000000B
    __rtentry2.o(.ARM.exidx) refers to __rtentry2.o(.ARM.Collect$$rtentry$$0000000D) for .ARM.Collect$$rtentry$$0000000D
    __rtentry4.o(.ARM.Collect$$rtentry$$00000004) refers to sys_stackheap_outer.o(.text) for __user_setup_stackheap
    __rtentry4.o(.ARM.exidx) refers to __rtentry4.o(.ARM.Collect$$rtentry$$00000004) for .ARM.Collect$$rtentry$$00000004
    sys_stackheap_outer.o(.text) refers to libspace.o(.text) for __user_perproc_libspace
    sys_stackheap_outer.o(.text) refers to startup_stm32f407xx.o(.text) for __user_initial_stackheap
    exit.o(.text) refers to rtexit.o(.ARM.Collect$$rtexit$$00000000) for __rt_exit
    libinit.o(.ARM.Collect$$libinit$$00000000) refers (Special) to libinit2.o(.ARM.Collect$$libinit$$0000002E) for __rt_lib_init_alloca_1
    libinit.o(.ARM.Collect$$libinit$$00000000) refers (Special) to libinit2.o(.ARM.Collect$$libinit$$00000027) for __rt_lib_init_argv_1
    libinit.o(.ARM.Collect$$libinit$$00000000) refers (Special) to libinit2.o(.ARM.Collect$$libinit$$0000001B) for __rt_lib_init_atexit_1
    libinit.o(.ARM.Collect$$libinit$$00000000) refers (Special) to libinit2.o(.ARM.Collect$$libinit$$00000021) for __rt_lib_init_clock_1
    libinit.o(.ARM.Collect$$libinit$$00000000) refers (Special) to libinit2.o(.ARM.Collect$$libinit$$00000032) for __rt_lib_init_cpp_1
    libinit.o(.ARM.Collect$$libinit$$00000000) refers (Special) to libinit2.o(.ARM.Collect$$libinit$$00000030) for __rt_lib_init_exceptions_1
    libinit.o(.ARM.Collect$$libinit$$00000000) refers (Special) to libinit2.o(.ARM.Collect$$libinit$$00000001) for __rt_lib_init_fp_1
    libinit.o(.ARM.Collect$$libinit$$00000000) refers (Special) to libinit2.o(.ARM.Collect$$libinit$$0000001F) for __rt_lib_init_fp_trap_1
    libinit.o(.ARM.Collect$$libinit$$00000000) refers (Special) to libinit2.o(.ARM.Collect$$libinit$$00000023) for __rt_lib_init_getenv_1
    libinit.o(.ARM.Collect$$libinit$$00000000) refers (Special) to libinit2.o(.ARM.Collect$$libinit$$0000000A) for __rt_lib_init_heap_1
    libinit.o(.ARM.Collect$$libinit$$00000000) refers (Special) to libinit2.o(.ARM.Collect$$libinit$$00000011) for __rt_lib_init_lc_collate_1
    libinit.o(.ARM.Collect$$libinit$$00000000) refers (Special) to libinit2.o(.ARM.Collect$$libinit$$00000013) for __rt_lib_init_lc_ctype_1
    libinit.o(.ARM.Collect$$libinit$$00000000) refers (Special) to libinit2.o(.ARM.Collect$$libinit$$00000015) for __rt_lib_init_lc_monetary_1
    libinit.o(.ARM.Collect$$libinit$$00000000) refers (Special) to libinit2.o(.ARM.Collect$$libinit$$00000017) for __rt_lib_init_lc_numeric_1
    libinit.o(.ARM.Collect$$libinit$$00000000) refers (Special) to libinit2.o(.ARM.Collect$$libinit$$00000019) for __rt_lib_init_lc_time_1
    libinit.o(.ARM.Collect$$libinit$$00000000) refers (Special) to libinit2.o(.ARM.Collect$$libinit$$00000004) for __rt_lib_init_preinit_1
    libinit.o(.ARM.Collect$$libinit$$00000000) refers (Special) to libinit2.o(.ARM.Collect$$libinit$$0000000E) for __rt_lib_init_rand_1
    libinit.o(.ARM.Collect$$libinit$$00000000) refers (Special) to libinit2.o(.ARM.Collect$$libinit$$00000033) for __rt_lib_init_return
    libinit.o(.ARM.Collect$$libinit$$00000000) refers (Special) to libinit2.o(.ARM.Collect$$libinit$$0000001D) for __rt_lib_init_signal_1
    libinit.o(.ARM.Collect$$libinit$$00000000) refers (Special) to libinit2.o(.ARM.Collect$$libinit$$00000025) for __rt_lib_init_stdio_1
    libinit.o(.ARM.Collect$$libinit$$00000000) refers (Special) to libinit2.o(.ARM.Collect$$libinit$$0000000C) for __rt_lib_init_user_alloc_1
    libspace.o(.text) refers to libspace.o(.bss) for __libspace_start
    rtexit.o(.ARM.Collect$$rtexit$$00000000) refers (Special) to rtexit2.o(.ARM.Collect$$rtexit$$00000004) for __rt_exit_exit
    rtexit.o(.ARM.Collect$$rtexit$$00000000) refers (Special) to rtexit2.o(.ARM.Collect$$rtexit$$00000003) for __rt_exit_ls
    rtexit.o(.ARM.Collect$$rtexit$$00000000) refers (Special) to rtexit2.o(.ARM.Collect$$rtexit$$00000002) for __rt_exit_prels_1
    rtexit.o(.ARM.exidx) refers (Special) to rtexit2.o(.ARM.Collect$$rtexit$$00000004) for __rt_exit_exit
    rtexit.o(.ARM.exidx) refers (Special) to rtexit2.o(.ARM.Collect$$rtexit$$00000003) for __rt_exit_ls
    rtexit.o(.ARM.exidx) refers (Special) to rtexit2.o(.ARM.Collect$$rtexit$$00000002) for __rt_exit_prels_1
    rtexit.o(.ARM.exidx) refers to rtexit.o(.ARM.Collect$$rtexit$$00000000) for .ARM.Collect$$rtexit$$00000000
    libinit2.o(.ARM.Collect$$libinit$$00000001) refers to fpinit.o(x$fpl$fpinit) for _fp_init
    libinit2.o(.ARM.Collect$$libinit$$00000010) refers to libinit2.o(.ARM.Collect$$libinit$$0000000F) for .ARM.Collect$$libinit$$0000000F
    libinit2.o(.ARM.Collect$$libinit$$00000012) refers to libinit2.o(.ARM.Collect$$libinit$$0000000F) for .ARM.Collect$$libinit$$0000000F
    libinit2.o(.ARM.Collect$$libinit$$00000014) refers to libinit2.o(.ARM.Collect$$libinit$$0000000F) for .ARM.Collect$$libinit$$0000000F
    libinit2.o(.ARM.Collect$$libinit$$00000016) refers to libinit2.o(.ARM.Collect$$libinit$$0000000F) for .ARM.Collect$$libinit$$0000000F
    libinit2.o(.ARM.Collect$$libinit$$00000018) refers to libinit2.o(.ARM.Collect$$libinit$$0000000F) for .ARM.Collect$$libinit$$0000000F
    libinit2.o(.ARM.Collect$$libinit$$00000026) refers to argv_veneer.o(.emb_text) for __ARM_argv_veneer
    libinit2.o(.ARM.Collect$$libinit$$00000027) refers to argv_veneer.o(.emb_text) for __ARM_argv_veneer
    rtexit2.o(.ARM.Collect$$rtexit$$00000003) refers to libshutdown.o(.ARM.Collect$$libshutdown$$00000000) for __rt_lib_shutdown
    rtexit2.o(.ARM.Collect$$rtexit$$00000004) refers to sys_exit.o(.text) for _sys_exit
    rtexit2.o(.ARM.exidx) refers to rtexit2.o(.ARM.Collect$$rtexit$$00000001) for .ARM.Collect$$rtexit$$00000001
    rtexit2.o(.ARM.exidx) refers to rtexit2.o(.ARM.Collect$$rtexit$$00000003) for .ARM.Collect$$rtexit$$00000003
    rtexit2.o(.ARM.exidx) refers to rtexit2.o(.ARM.Collect$$rtexit$$00000004) for .ARM.Collect$$rtexit$$00000004
    argv_veneer.o(.emb_text) refers to _get_argv_nomalloc.o(.text) for __ARM_get_argv
    sys_exit.o(.text) refers (Special) to use_no_semi.o(.text) for __I$use$semihosting
    sys_exit.o(.text) refers (Special) to indicate_semi.o(.text) for __semihosting_library_function
    _get_argv_nomalloc.o(.text) refers (Special) to hrguard.o(.text) for __heap_region$guard
    _get_argv_nomalloc.o(.text) refers to defsig_rtmem_outer.o(.text) for __rt_SIGRTMEM
    _get_argv_nomalloc.o(.text) refers to sys_command.o(.text) for _sys_command_string
    libshutdown.o(.ARM.Collect$$libshutdown$$00000000) refers (Special) to libshutdown2.o(.ARM.Collect$$libshutdown$$00000002) for __rt_lib_shutdown_cpp_1
    libshutdown.o(.ARM.Collect$$libshutdown$$00000000) refers (Special) to libshutdown2.o(.ARM.Collect$$libshutdown$$00000007) for __rt_lib_shutdown_fp_trap_1
    libshutdown.o(.ARM.Collect$$libshutdown$$00000000) refers (Special) to libshutdown2.o(.ARM.Collect$$libshutdown$$0000000F) for __rt_lib_shutdown_heap_1
    libshutdown.o(.ARM.Collect$$libshutdown$$00000000) refers (Special) to libshutdown2.o(.ARM.Collect$$libshutdown$$00000010) for __rt_lib_shutdown_return
    libshutdown.o(.ARM.Collect$$libshutdown$$00000000) refers (Special) to libshutdown2.o(.ARM.Collect$$libshutdown$$0000000A) for __rt_lib_shutdown_signal_1
    libshutdown.o(.ARM.Collect$$libshutdown$$00000000) refers (Special) to libshutdown2.o(.ARM.Collect$$libshutdown$$00000004) for __rt_lib_shutdown_stdio_1
    libshutdown.o(.ARM.Collect$$libshutdown$$00000000) refers (Special) to libshutdown2.o(.ARM.Collect$$libshutdown$$0000000C) for __rt_lib_shutdown_user_alloc_1
    sys_command.o(.text) refers (Special) to use_no_semi.o(.text) for __I$use$semihosting
    sys_command.o(.text) refers (Special) to indicate_semi.o(.text) for __semihosting_library_function
    defsig_rtmem_outer.o(.text) refers to defsig_rtmem_inner.o(.text) for __rt_SIGRTMEM_inner
    defsig_rtmem_outer.o(.text) refers to defsig_exit.o(.text) for __sig_exit
    defsig_rtmem_formal.o(.text) refers to rt_raise.o(.text) for __rt_raise
    rt_raise.o(.text) refers to __raise.o(.text) for __raise
    rt_raise.o(.text) refers to sys_exit.o(.text) for _sys_exit
    defsig_exit.o(.text) refers to sys_exit.o(.text) for _sys_exit
    defsig_rtmem_inner.o(.text) refers to defsig_general.o(.text) for __default_signal_display
    __raise.o(.text) refers to defsig.o(CL$$defsig) for __default_signal_handler
    defsig_general.o(.text) refers to sys_wrch.o(.text) for _ttywrch
    sys_wrch.o(.text) refers (Special) to use_no_semi.o(.text) for __I$use$semihosting
    sys_wrch.o(.text) refers (Special) to indicate_semi.o(.text) for __semihosting_library_function
    defsig.o(CL$$defsig) refers to defsig_rtmem_inner.o(.text) for __rt_SIGRTMEM_inner
    defsig_abrt_inner.o(.text) refers to defsig_general.o(.text) for __default_signal_display
    defsig_fpe_inner.o(.text) refers to defsig_general.o(.text) for __default_signal_display
    defsig_rtred_inner.o(.text) refers to defsig_general.o(.text) for __default_signal_display
    defsig_stak_inner.o(.text) refers to defsig_general.o(.text) for __default_signal_display
    defsig_pvfn_inner.o(.text) refers to defsig_general.o(.text) for __default_signal_display
    defsig_cppl_inner.o(.text) refers to defsig_general.o(.text) for __default_signal_display
    defsig_segv_inner.o(.text) refers to defsig_general.o(.text) for __default_signal_display
    defsig_other.o(.text) refers to defsig_general.o(.text) for __default_signal_display


==============================================================================

Removing Unused input sections from the image.

    Removing led.o(.rev16_text), (4 bytes).
    Removing led.o(.revsh_text), (4 bytes).
    Removing led.o(.rrx_text), (6 bytes).
    Removing led.o(i.led_init), (92 bytes).
    Removing led.o(i.led_toggle), (40 bytes).
    Removing led.o(i.led_turn_off), (18 bytes).
    Removing led.o(i.led_turn_on), (18 bytes).
    Removing hal_gpio_driver.o(.rev16_text), (4 bytes).
    Removing hal_gpio_driver.o(.revsh_text), (4 bytes).
    Removing hal_gpio_driver.o(.rrx_text), (6 bytes).
    Removing hal_gpio_driver.o(i.hal_gpio_clear_interrupt), (20 bytes).
    Removing hal_gpio_driver.o(i.hal_gpio_configure_interrupt), (96 bytes).
    Removing hal_gpio_driver.o(i.hal_gpio_configure_pin_mode), (16 bytes).
    Removing hal_gpio_driver.o(i.hal_gpio_configure_pin_otype), (14 bytes).
    Removing hal_gpio_driver.o(i.hal_gpio_configure_pin_pupd), (16 bytes).
    Removing hal_gpio_driver.o(i.hal_gpio_configure_pin_speed), (16 bytes).
    Removing hal_gpio_driver.o(i.hal_gpio_enable_interrupt), (44 bytes).
    Removing hal_gpio_driver.o(i.hal_gpio_init), (56 bytes).
    Removing hal_gpio_driver.o(i.hal_gpio_read_from_pin), (12 bytes).
    Removing hal_gpio_driver.o(i.hal_gpio_set_alt_function), (48 bytes).
    Removing hal_gpio_driver.o(i.hal_gpio_write_to_pin), (28 bytes).
    Removing hal_uart_driver.o(.rev16_text), (4 bytes).
    Removing hal_uart_driver.o(.revsh_text), (4 bytes).
    Removing hal_uart_driver.o(.rrx_text), (6 bytes).
    Removing hal_uart_driver.o(i.HAL_UART_ErrorCallback), (16 bytes).
    Removing hal_uart_driver.o(i.HAL_UART_IRQHandler), (244 bytes).
    Removing hal_uart_driver.o(i.UART_EndTransmit_IT), (56 bytes).
    Removing hal_uart_driver.o(i.UART_Receive_IT), (140 bytes).
    Removing hal_uart_driver.o(i.UART_Transmit_IT), (64 bytes).
    Removing hal_uart_driver.o(i.hal_uart_clear_error_flag), (12 bytes).
    Removing hal_uart_driver.o(i.hal_uart_configure_error_interrupt), (22 bytes).
    Removing hal_uart_driver.o(i.hal_uart_configure_over_sampling), (12 bytes).
    Removing hal_uart_driver.o(i.hal_uart_configure_parity_error_interrupt), (22 bytes).
    Removing hal_uart_driver.o(i.hal_uart_configure_rxne_interrupt), (22 bytes).
    Removing hal_uart_driver.o(i.hal_uart_configure_txe_interrupt), (22 bytes).
    Removing hal_uart_driver.o(i.hal_uart_debug_trace), (56 bytes).
    Removing hal_uart_driver.o(i.hal_uart_disable), (10 bytes).
    Removing hal_uart_driver.o(i.hal_uart_enable), (10 bytes).
    Removing hal_uart_driver.o(i.hal_uart_enable_disable_rx), (26 bytes).
    Removing hal_uart_driver.o(i.hal_uart_enable_disable_tx), (26 bytes).
    Removing hal_uart_driver.o(i.hal_uart_get_driver_state), (12 bytes).
    Removing hal_uart_driver.o(i.hal_uart_init), (72 bytes).
    Removing hal_uart_driver.o(i.hal_uart_rx), (64 bytes).
    Removing hal_uart_driver.o(i.hal_uart_set_baud_rate), (44 bytes).
    Removing hal_uart_driver.o(i.hal_uart_tx), (36 bytes).
    Removing hal_uart_driver.o(.bss), (64 bytes).
    Removing system_stm32f4xx.o(.rev16_text), (4 bytes).
    Removing system_stm32f4xx.o(.revsh_text), (4 bytes).
    Removing system_stm32f4xx.o(.rrx_text), (6 bytes).
    Removing system_stm32f4xx.o(i.SystemCoreClockUpdate), (192 bytes).
    Removing system_stm32f4xx.o(.constdata), (16 bytes).
    Removing system_stm32f4xx.o(.data), (4 bytes).

52 unused section(s) (total 1854 bytes) removed from the image.

==============================================================================

Memory Map of the image

  Image Entry point : 0x00000000

  Load Region LR_1 (Base: 0x08000000, Size: 0x000004fc, Max: 0xffffffff, ABSOLUTE)

    Execution Region ER_RO (Base: 0x08000000, Size: 0x000004f8, Max: 0xffffffff, ABSOLUTE)

    Base Addr    Size         Type   Attr      Idx    E Section Name        Object

    0x08000000   0x00000188   Data   RO          333    RESET               startup_stm32f407xx.o
    0x08000188   0x00000008   Code   RO          381  * !!!main             c_w.l(__main.o)
    0x08000190   0x00000002   Code   RO          408    .ARM.Collect$$libinit$$00000000  c_w.l(libinit.o)
    0x08000192   0x00000004   Code   RO          414    .ARM.Collect$$libinit$$00000001  c_w.l(libinit2.o)
    0x08000196   0x00000000   Code   RO          417    .ARM.Collect$$libinit$$00000004  c_w.l(libinit2.o)
    0x08000196   0x00000000   Code   RO          420    .ARM.Collect$$libinit$$0000000A  c_w.l(libinit2.o)
    0x08000196   0x00000000   Code   RO          422    .ARM.Collect$$libinit$$0000000C  c_w.l(libinit2.o)
    0x08000196   0x00000000   Code   RO          424    .ARM.Collect$$libinit$$0000000E  c_w.l(libinit2.o)
    0x08000196   0x00000000   Code   RO          427    .ARM.Collect$$libinit$$00000011  c_w.l(libinit2.o)
    0x08000196   0x00000000   Code   RO          429    .ARM.Collect$$libinit$$00000013  c_w.l(libinit2.o)
    0x08000196   0x00000000   Code   RO          431    .ARM.Collect$$libinit$$00000015  c_w.l(libinit2.o)
    0x08000196   0x00000000   Code   RO          433    .ARM.Collect$$libinit$$00000017  c_w.l(libinit2.o)
    0x08000196   0x00000000   Code   RO          435    .ARM.Collect$$libinit$$00000019  c_w.l(libinit2.o)
    0x08000196   0x00000000   Code   RO          437    .ARM.Collect$$libinit$$0000001B  c_w.l(libinit2.o)
    0x08000196   0x00000000   Code   RO          439    .ARM.Collect$$libinit$$0000001D  c_w.l(libinit2.o)
    0x08000196   0x00000000   Code   RO          441    .ARM.Collect$$libinit$$0000001F  c_w.l(libinit2.o)
    0x08000196   0x00000000   Code   RO          443    .ARM.Collect$$libinit$$00000021  c_w.l(libinit2.o)
    0x08000196   0x00000000   Code   RO          445    .ARM.Collect$$libinit$$00000023  c_w.l(libinit2.o)
    0x08000196   0x00000000   Code   RO          447    .ARM.Collect$$libinit$$00000025  c_w.l(libinit2.o)
    0x08000196   0x00000008   Code   RO          449    .ARM.Collect$$libinit$$00000027  c_w.l(libinit2.o)
    0x0800019e   0x00000000   Code   RO          453    .ARM.Collect$$libinit$$0000002E  c_w.l(libinit2.o)
    0x0800019e   0x00000000   Code   RO          455    .ARM.Collect$$libinit$$00000030  c_w.l(libinit2.o)
    0x0800019e   0x00000000   Code   RO          457    .ARM.Collect$$libinit$$00000032  c_w.l(libinit2.o)
    0x0800019e   0x00000002   Code   RO          458    .ARM.Collect$$libinit$$00000033  c_w.l(libinit2.o)
    0x080001a0   0x00000002   Code   RO          478    .ARM.Collect$$libshutdown$$00000000  c_w.l(libshutdown.o)
    0x080001a2   0x00000000   Code   RO          491    .ARM.Collect$$libshutdown$$00000002  c_w.l(libshutdown2.o)
    0x080001a2   0x00000000   Code   RO          493    .ARM.Collect$$libshutdown$$00000004  c_w.l(libshutdown2.o)
    0x080001a2   0x00000000   Code   RO          496    .ARM.Collect$$libshutdown$$00000007  c_w.l(libshutdown2.o)
    0x080001a2   0x00000000   Code   RO          499    .ARM.Collect$$libshutdown$$0000000A  c_w.l(libshutdown2.o)
    0x080001a2   0x00000000   Code   RO          501    .ARM.Collect$$libshutdown$$0000000C  c_w.l(libshutdown2.o)
    0x080001a2   0x00000000   Code   RO          504    .ARM.Collect$$libshutdown$$0000000F  c_w.l(libshutdown2.o)
    0x080001a2   0x00000002   Code   RO          505    .ARM.Collect$$libshutdown$$00000010  c_w.l(libshutdown2.o)
    0x080001a4   0x00000000   Code   RO          383    .ARM.Collect$$rtentry$$00000000  c_w.l(__rtentry.o)
    0x080001a4   0x00000000   Code   RO          385    .ARM.Collect$$rtentry$$00000002  c_w.l(__rtentry2.o)
    0x080001a4   0x00000006   Code   RO          397    .ARM.Collect$$rtentry$$00000004  c_w.l(__rtentry4.o)
    0x080001aa   0x00000000   Code   RO          387    .ARM.Collect$$rtentry$$00000009  c_w.l(__rtentry2.o)
    0x080001aa   0x00000004   Code   RO          388    .ARM.Collect$$rtentry$$0000000A  c_w.l(__rtentry2.o)
    0x080001ae   0x00000000   Code   RO          390    .ARM.Collect$$rtentry$$0000000C  c_w.l(__rtentry2.o)
    0x080001ae   0x00000008   Code   RO          391    .ARM.Collect$$rtentry$$0000000D  c_w.l(__rtentry2.o)
    0x080001b6   0x00000002   Code   RO          412    .ARM.Collect$$rtexit$$00000000  c_w.l(rtexit.o)
    0x080001b8   0x00000000   Code   RO          460    .ARM.Collect$$rtexit$$00000002  c_w.l(rtexit2.o)
    0x080001b8   0x00000004   Code   RO          461    .ARM.Collect$$rtexit$$00000003  c_w.l(rtexit2.o)
    0x080001bc   0x00000006   Code   RO          462    .ARM.Collect$$rtexit$$00000004  c_w.l(rtexit2.o)
    0x080001c2   0x00000002   PAD
    0x080001c4   0x00000004   Code   RO          466    .emb_text           c_w.l(argv_veneer.o)
    0x080001c8   0x00000040   Code   RO          334  * .text               startup_stm32f407xx.o
    0x08000208   0x00000006   Code   RO          379    .text               c_w.l(heapauxi.o)
    0x0800020e   0x0000004a   Code   RO          399    .text               c_w.l(sys_stackheap_outer.o)
    0x08000258   0x00000012   Code   RO          401    .text               c_w.l(exit.o)
    0x0800026a   0x00000002   PAD
    0x0800026c   0x00000008   Code   RO          409    .text               c_w.l(libspace.o)
    0x08000274   0x0000000c   Code   RO          470    .text               c_w.l(sys_exit.o)
    0x08000280   0x0000012e   Code   RO          474    .text               c_w.l(_get_argv_nomalloc.o)
    0x080003ae   0x00000018   Code   RO          479    .text               c_w.l(sys_command.o)
    0x080003c6   0x00000002   Code   RO          481    .text               c_w.l(use_no_semi.o)
    0x080003c8   0x00000000   Code   RO          483    .text               c_w.l(indicate_semi.o)
    0x080003c8   0x00000004   Code   RO          484    .text               c_w.l(hrguard.o)
    0x080003cc   0x0000000e   Code   RO          486    .text               c_w.l(defsig_rtmem_outer.o)
    0x080003da   0x0000000a   Code   RO          508    .text               c_w.l(defsig_exit.o)
    0x080003e4   0x00000050   Code   RO          510    .text               c_w.l(defsig_rtmem_inner.o)
    0x08000434   0x00000032   Code   RO          514    .text               c_w.l(defsig_general.o)
    0x08000466   0x0000000e   Code   RO          516    .text               c_w.l(sys_wrch.o)
    0x08000474   0x00000014   Code   RO           84    i.EXTI0_IRQHandler  hal_gpio_driver.o
    0x08000488   0x00000064   Code   RO          342    i.SystemInit        system_stm32f4xx.o
    0x080004ec   0x0000000a   Code   RO          468    x$fpl$fpinit        fz_wm.l(fpinit.o)
    0x080004f6   0x00000002   PAD
    0x080004f8   0x00000000   Data   RO          536    Region$$Table       anon$$obj.o


    Execution Region ER_RW (Base: 0x20000000, Size: 0x00000004, Max: 0xffffffff, ABSOLUTE)

    Base Addr    Size         Type   Attr      Idx    E Section Name        Object

    0x20000000   0x00000004   Data   RW           96    .data               hal_gpio_driver.o


    Execution Region ER_ZI (Base: 0x20000004, Size: 0x00000664, Max: 0xffffffff, ABSOLUTE)

    Base Addr    Size         Type   Attr      Idx    E Section Name        Object

    0x20000004   0x00000060   Zero   RW          410    .bss                c_w.l(libspace.o)
    0x20000064   0x00000004   PAD
    0x20000068   0x00000200   Zero   RW          332    HEAP                startup_stm32f407xx.o
    0x20000268   0x00000400   Zero   RW          331    STACK               startup_stm32f407xx.o

